Demo for git and github


DELL@DESKTOP-RUHLAJM MINGW64 ~/OneDrive/Desktop/Demo (master)
$ git init
Initialized empty Git repository in C:/Users/DELL/OneDrive/Desktop/Demo/.git/

DELL@DESKTOP-RUHLAJM MINGW64 ~/OneDrive/Desktop/Demo (master)
$ git add .

DELL@DESKTOP-RUHLAJM MINGW64 ~/OneDrive/Desktop/Demo (master)
$ git status
On branch master

No commits yet

Changes to be committed:
  (use "git rm --cached <file>..." to unstage)
        new file:   demo.text.txt


DELL@DESKTOP-RUHLAJM MINGW64 ~/OneDrive/Desktop/Demo (master)
$ git status
On branch master

No commits yet

Changes to be committed:
  (use "git rm --cached <file>..." to unstage)
        new file:   demo.text.txt

Changes not staged for commit:
  (use "git add/rm <file>..." to update what will be committed)
  (use "git restore <file>..." to discard changes in working directory)
        deleted:    demo.text.txt

Untracked files:
  (use "git add <file>..." to include in what will be committed)
        demo.txt


DELL@DESKTOP-RUHLAJM MINGW64 ~/OneDrive/Desktop/Demo (master)
$ git commit -m 'first commit'
Author identity unknown

*** Please tell me who you are.

Run

  git config --global user.email "you@example.com"
  git config --global user.name "Your Name"

to set your account's default identity.
Omit --global to set the identity only in this repository.

fatal: unable to auto-detect email address (got 'DELL@DESKTOP-RUHLAJM.(none)')

DELL@DESKTOP-RUHLAJM MINGW64 ~/OneDrive/Desktop/Demo (master)
$ ^C

DELL@DESKTOP-RUHLAJM MINGW64 ~/OneDrive/Desktop/Demo (master)
$  git config --global user.email "panchalamee2015@gmail.com"

DELL@DESKTOP-RUHLAJM MINGW64 ~/OneDrive/Desktop/Demo (master)
$ ^C

DELL@DESKTOP-RUHLAJM MINGW64 ~/OneDrive/Desktop/Demo (master)
$   git config --global user.name "amee612"

DELL@DESKTOP-RUHLAJM MINGW64 ~/OneDrive/Desktop/Demo (master)
$ git commit -m 'first commit'
[master (root-commit) cb3d1d7] first commit
 1 file changed, 1 insertion(+)
 create mode 100644 demo.text.txt

DELL@DESKTOP-RUHLAJM MINGW64 ~/OneDrive/Desktop/Demo (master)
$ ^[[200~git remote add origin https://github.com/Amee612/demo.git~
bash: $'\E[200~git': command not found

DELL@DESKTOP-RUHLAJM MINGW64 ~/OneDrive/Desktop/Demo (master)
$ git remote add origin https://github.com/Amee612/demo.git

DELL@DESKTOP-RUHLAJM MINGW64 ~/OneDrive/Desktop/Demo (master)
$ git push -u origin main
error: src refspec main does not match any
error: failed to push some refs to 'https://github.com/Amee612/demo.git'

DELL@DESKTOP-RUHLAJM MINGW64 ~/OneDrive/Desktop/Demo (master)
$ git push -u origin master
info: please complete authentication in your browser...
Enumerating objects: 3, done.
Counting objects: 100% (3/3), done.
Writing objects: 100% (3/3), 235 bytes | 117.00 KiB/s, done.
Total 3 (delta 0), reused 0 (delta 0), pack-reused 0 (from 0)
To https://github.com/Amee612/demo.git
 * [new branch]      master -> master
branch 'master' set up to track 'origin/master'.
